HI-TECH Software C Compiler 

Linker command line:

--edf=C:\Program Files (x86)\HI-TECH Software\PICC\9.71a\dat\en_msgs.txt \
  -cs -h+METROAT.sym -z -Q16F877A -ol.obj -MMETROAT.map -E1 \
  -ACONST=00h-0FFhx32 -ACODE=00h-07FFhx4 -ASTRCODE=00h-01FFFh \
  -AENTRY=00h-0FFhx32 -ASTRING=00h-0FFhx32 -ABANK0=020h-06Fh \
  -ABANK1=0A0h-0EFh -ABANK2=0110h-016Fh -ABANK3=0190h-01EFh \
  -ARAM=020h-06Fh,0A0h-0EFh,0110h-016Fh,0190h-01EFh \
  -AABS1=020h-07Fh,0A0h-0EFh,0110h-016Fh,0190h-01EFh -ACOMMON=070h-07Fh \
  -ASFR0=00h-01Fh -ASFR1=080h-09Fh -ASFR2=0100h-010Fh -ASFR3=0180h-018Fh \
  -preset_vec=00h,intentry,init,end_init -ppowerup=CODE -pfunctab=CODE \
  -ACONFIG=02007h-02007h -pconfig=CONFIG -DCONFIG=2 -AIDLOC=02000h-02003h \
  -pidloc=IDLOC -DIDLOC=2 -AEEDATA=00h-0FFh/02100h -peeprom_data=EEDATA \
  -DEEDATA=2 -DCODE=2 -DSTRCODE=2 -DSTRING=2 -DCONST=2 -DENTRY=2 -k \
  startup.obj METROAT.obj 

Object code version is 3.10

Machine type is 16F877A



                Name                               Link     Load   Length Selector   Space Scale
startup.obj     end_init                              0        0        3        0       0
METROAT.obj     config                             2007     2007        1     400E       0
                text123                             6F3      6F3       13      DE6       0
                text122                             706      706       13      E0C       0
                text121                             719      719       19      E32       0
                maintext                            753      753       AD      EA6       0
                cstackBANK0                          20       20       25       20       1
                cstackCOMMON                         70       70        6       70       1
                inittext                            6D0      6D0       11      DA0       0
                dataBANK0                            45       45       21       20       1
                cinit                               6E1      6E1       12      DC2       0
                idataBANK0                          732      732       21      E64       0

TOTAL           Name                               Link     Load   Length     Space
        CLASS   CONST          

        CLASS   CODE           
                end_init                              0        0        3         0
                text123                             6F3      6F3       13         0
                text122                             706      706       13         0
                text121                             719      719       19         0
                maintext                            753      753       AD         0
                inittext                            6D0      6D0       11         0
                cinit                               6E1      6E1       12         0
                idataBANK0                          732      732       21         0

        CLASS   STRCODE        

        CLASS   ENTRY          

        CLASS   STRING         

        CLASS   BANK0          
                cstackBANK0                          20       20       25         1
                dataBANK0                            45       45       21         1

        CLASS   BANK1          

        CLASS   BANK2          

        CLASS   BANK3          

        CLASS   RAM            

        CLASS   ABS1           
                abs_s1                               7E       7E        2         1

        CLASS   COMMON         
                cstackCOMMON                         70       70        6         1

        CLASS   SFR0           

        CLASS   SFR1           

        CLASS   SFR2           

        CLASS   SFR3           

        CLASS   CONFIG         
                config                             2007     2007        1         0

        CLASS   IDLOC          

        CLASS   EEDATA         



SEGMENTS        Name                           Load    Length   Top    Selector   Space  Class     Delta

                reset_vec                      000000  000003  000003         0       0  CODE        2
                cstackBANK0                    000020  000046  000066        20       1  BANK0       1
                cstackCOMMON                   000070  000006  000076        70       1  COMMON      1
                inittext                       0006D0  000011  0006E1       DA0       0  CODE        2
                cinit                          0006E1  000012  0006F3       DC2       0  CODE        2
                text123                        0006F3  000013  000706       DE6       0  CODE        2
                text122                        000706  000013  000719       E0C       0  CODE        2
                text121                        000719  000019  000732       E32       0  CODE        2
                idataBANK0                     000732  000021  000753       E64       0  CODE        2
                maintext                       000753  0000AD  000800       EA6       0  CODE        2
                config                         002007  000001  002008      400E       0  CONFIG      2


UNUSED ADDRESS RANGES

        Name                Unused          Largest block    Delta
        BANK0            0066-006F              A           1
        BANK1            00A0-00EF             50           1
        BANK2            0110-016F             60           1
        BANK3            0190-01EF             60           1
        CODE             0003-06CF            6CD           2
                         0800-1FFF            800
        COMMON           0076-007D              8           1
        CONST            0003-06CF            100           2
                         0800-1FFF            100
        EEDATA           2100-21FF            100           2
        ENTRY            0003-06CF            100           2
                         0800-1FFF            100
        IDLOC            2000-2003              4           2
        RAM              0066-006F              A           1
                         00A0-00EF             50
                         0110-016F             60
                         0190-01EF             60
        SFR0             0000-001F             20           1
        SFR1             0080-009F             20           1
        SFR2             0100-010F             10           1
        SFR3             0180-018F             10           1
        STRCODE          0003-06CF            6CD           2
                         0800-1FFF           1800
        STRING           0003-06CF            100           2
                         0800-1FFF            100

                                  Symbol Table

??_command            cstackCOMMON 0070
??_data               cstackCOMMON 0070
??_initial            cstackCOMMON 0072
??_main               cstackCOMMON 0072
?_command             cstackCOMMON 0070
?_data                cstackCOMMON 0070
?_initial             cstackCOMMON 0070
?_main                cstackCOMMON 0070
_PORTD                (abs)        0008
_RC0                  (abs)        0038
_RC1                  (abs)        0039
_RC2                  (abs)        003A
_TRISC                (abs)        0087
_TRISD                (abs)        0088
__Habs1               abs1         0000
__Hbank0              bank0        0000
__Hbank1              bank1        0000
__Hbank2              bank2        0000
__Hbank3              bank3        0000
__Hcinit              cinit        0000
__Hclrtext            clrtext      0000
__Hcode               code         0000
__Hcommon             common       0000
__Hconfig             config       2008
__HcstackBANK0        cstackBANK0  0000
__HcstackCOMMON       cstackCOMMON 0000
__HdataBANK0          dataBANK0    0000
__Heeprom_data        eeprom_data  0000
__Hend_init           end_init     0003
__Hfunctab            functab      0000
__HidataBANK0         idataBANK0   0000
__Hidloc              idloc        0000
__Hinit               init         0000
__Hinittext           inittext     0000
__Hintentry           intentry     0000
__Hmaintext           maintext     0000
__Hpowerup            powerup      0000
__Hram                ram          0000
__Hreset_vec          reset_vec    0000
__Hsfr0               sfr0         0000
__Hsfr1               sfr1         0000
__Hsfr2               sfr2         0000
__Hsfr3               sfr3         0000
__Hstrings            strings      0000
__Htext               text         0000
__Labs1               abs1         0000
__Lbank0              bank0        0000
__Lbank1              bank1        0000
__Lbank2              bank2        0000
__Lbank3              bank3        0000
__Lcinit              cinit        0000
__Lclrtext            clrtext      0000
__Lcode               code         0000
__Lcommon             common       0000
__Lconfig             config       2007
__LcstackBANK0        cstackBANK0  0000
__LcstackCOMMON       cstackCOMMON 0000
__LdataBANK0          dataBANK0    0000
__Leeprom_data        eeprom_data  0000
__Lend_init           end_init     0000
__Lfunctab            functab      0000
__LidataBANK0         idataBANK0   0000
__Lidloc              idloc        0000
__Linit               init         0000
__Linittext           inittext     0000
__Lintentry           intentry     0000
__Lmaintext           maintext     0000
__Lpowerup            powerup      0000
__Lram                ram          0000
__Lreset_vec          reset_vec    0000
__Lsfr0               sfr0         0000
__Lsfr1               sfr1         0000
__Lsfr2               sfr2         0000
__Lsfr3               sfr3         0000
__Lstrings            strings      0000
__Ltext               text         0000
__S0                  (abs)        2008
__S1                  (abs)        0076
__S2                  (abs)        0000
__end_of_command      text123      0706
__end_of_data         text122      0719
__end_of_initial      text121      0732
__end_of_main         maintext     0800
__pcstackBANK0        cstackBANK0  0020
__pcstackCOMMON       cstackCOMMON 0070
__pdataBANK0          dataBANK0    0045
__pidataBANK0         idataBANK0   0732
__pmaintext           maintext     0753
__ptext121            text121      0719
__ptext122            text122      0706
__ptext123            text123      06F3
__ptext124            text124      0000
__size_of_command     (abs)        0000
__size_of_data        (abs)        0000
__size_of_initial     (abs)        0000
__size_of_main        (abs)        0000
_command              text123      06F3
_data                 text122      0706
_exit                 init         0000
_initial              text121      0719
_main                 maintext     0753
btemp                 (abs)        007E
command@y             cstackCOMMON 0071
data@z                cstackCOMMON 0071
end_of_initialization cinit        06EF
init_fetch            inittext     06D0
init_ram              inittext     06D4
intlevel0             functab      0000
intlevel1             functab      0000
intlevel2             functab      0000
intlevel3             functab      0000
intlevel4             functab      0000
intlevel5             functab      0000
main@F519             dataBANK0    0045
main@F522             dataBANK0    0056
main@a                cstackBANK0  0020
main@b                cstackBANK0  0031
main@i                cstackBANK0  0041
main@j                cstackBANK0  0043
reset_vec             reset_vec    0000
start                 init         0000
start_initialization  cinit        06E1
wtemp0                (abs)        007E
