HI-TECH Software C Compiler 

Linker command line:

--edf=C:\Program Files (x86)\HI-TECH Software\PICC\9.71a\dat\en_msgs.txt \
  -cs -h+metroboat.sym -z -Q16F877A -ol.obj -Mmetroboat.map -E1 \
  -ACONST=00h-0FFhx32 -ACODE=00h-07FFhx4 -ASTRCODE=00h-01FFFh \
  -AENTRY=00h-0FFhx32 -ASTRING=00h-0FFhx32 -ABANK0=020h-06Fh \
  -ABANK1=0A0h-0EFh -ABANK2=0110h-016Fh -ABANK3=0190h-01EFh \
  -ARAM=020h-06Fh,0A0h-0EFh,0110h-016Fh,0190h-01EFh \
  -AABS1=020h-07Fh,0A0h-0EFh,0110h-016Fh,0190h-01EFh -ACOMMON=070h-07Fh \
  -ASFR0=00h-01Fh -ASFR1=080h-09Fh -ASFR2=0100h-010Fh -ASFR3=0180h-018Fh \
  -preset_vec=00h,intentry,init,end_init -ppowerup=CODE -pfunctab=CODE \
  -ACONFIG=02007h-02007h -pconfig=CONFIG -DCONFIG=2 -AIDLOC=02000h-02003h \
  -pidloc=IDLOC -DIDLOC=2 -AEEDATA=00h-0FFh/02100h -peeprom_data=EEDATA \
  -DEEDATA=2 -DCODE=2 -DSTRCODE=2 -DSTRING=2 -DCONST=2 -DENTRY=2 -k \
  startup.obj metroboat.obj 

Object code version is 3.10

Machine type is 16F877A



                Name                               Link     Load   Length Selector   Space Scale
startup.obj     end_init                              0        0        3        0       0
metroboat.obj   config                             2007     2007        1     400E       0
                text247                             26E      26E       29      4DC       0
                text246                             395      395       75      72A       0
                text245                             40A      40A       9C      814       0
                text244                             325      325       70      64A       0
                text243                             2C5      2C5       60      58A       0
                text242                             22F      22F       13      45E       0
                text241                             242      242       13      484       0
                text240                             4A6      4A6       E5      94C       0
                text239                             297      297       2E      52E       0
                text238                             255      255       19      4AA       0
                maintext                            58B      58B      275      B16       0
                cstackBANK0                          20       20       3F       20       1
                cstackCOMMON                         70       70        E       70       1
                cinit                               22B      22B        4      456       0

TOTAL           Name                               Link     Load   Length     Space
        CLASS   CONST          

        CLASS   CODE           
                end_init                              0        0        3         0
                text247                             26E      26E       29         0
                text246                             395      395       75         0
                text245                             40A      40A       9C         0
                text244                             325      325       70         0
                text243                             2C5      2C5       60         0
                text242                             22F      22F       13         0
                text241                             242      242       13         0
                text240                             4A6      4A6       E5         0
                text239                             297      297       2E         0
                text238                             255      255       19         0
                maintext                            58B      58B      275         0
                cinit                               22B      22B        4         0

        CLASS   STRCODE        

        CLASS   ENTRY          

        CLASS   STRING         

        CLASS   BANK0          
                cstackBANK0                          20       20       3F         1

        CLASS   BANK1          

        CLASS   BANK2          

        CLASS   BANK3          

        CLASS   RAM            

        CLASS   ABS1           
                abs_s1                               7E       7E        2         1

        CLASS   COMMON         
                cstackCOMMON                         70       70        E         1

        CLASS   SFR0           

        CLASS   SFR1           

        CLASS   SFR2           

        CLASS   SFR3           

        CLASS   CONFIG         
                config                             2007     2007        1         0

        CLASS   IDLOC          

        CLASS   EEDATA         



SEGMENTS        Name                           Load    Length   Top    Selector   Space  Class     Delta

                reset_vec                      000000  000003  000003         0       0  CODE        2
                cstackBANK0                    000020  00003F  00005F        20       1  BANK0       1
                cstackCOMMON                   000070  00000E  00007E        70       1  COMMON      1
                cinit                          00022B  000004  00022F       456       0  CODE        2
                text242                        00022F  000013  000242       45E       0  CODE        2
                text241                        000242  000013  000255       484       0  CODE        2
                text238                        000255  000019  00026E       4AA       0  CODE        2
                text247                        00026E  000029  000297       4DC       0  CODE        2
                text239                        000297  00002E  0002C5       52E       0  CODE        2
                text243                        0002C5  000060  000325       58A       0  CODE        2
                text244                        000325  000070  000395       64A       0  CODE        2
                text246                        000395  000075  00040A       72A       0  CODE        2
                text245                        00040A  00009C  0004A6       814       0  CODE        2
                text240                        0004A6  0000E5  00058B       94C       0  CODE        2
                maintext                       00058B  000275  000800       B16       0  CODE        2
                config                         002007  000001  002008      400E       0  CONFIG      2


UNUSED ADDRESS RANGES

        Name                Unused          Largest block    Delta
        BANK0            005F-006F             11           1
        BANK1            00A0-00EF             50           1
        BANK2            0110-016F             60           1
        BANK3            0190-01EF             60           1
        CODE             0003-022A            228           2
                         0800-1FFF            800
        CONST            0003-022A            100           2
                         0800-1FFF            100
        EEDATA           2100-21FF            100           2
        ENTRY            0003-022A            100           2
                         0800-1FFF            100
        IDLOC            2000-2003              4           2
        RAM              005F-006F             11           1
                         00A0-00EF             50
                         0110-016F             60
                         0190-01EF             60
        SFR0             0000-001F             20           1
        SFR1             0080-009F             20           1
        SFR2             0100-010F             10           1
        SFR3             0180-018F             10           1
        STRCODE          0003-022A            228           2
                         0800-1FFF           1800
        STRING           0003-022A            100           2
                         0800-1FFF            100

                                  Symbol Table

??___awdiv             cstackCOMMON 0074
??___awmod             cstackCOMMON 0074
??___awtoft            cstackCOMMON 007C
??___ftmul             cstackBANK0  0034
??___ftpack            cstackCOMMON 0075
??___fttol             cstackBANK0  0020
??___wmul              cstackCOMMON 0074
??_command             cstackCOMMON 0070
??_data                cstackCOMMON 0070
??_initial             cstackCOMMON 0072
??_main                cstackBANK0  003E
?___awdiv              cstackCOMMON 0070
?___awmod              cstackCOMMON 0070
?___awtoft             cstackBANK0  002A
?___ftmul              cstackBANK0  002E
?___ftpack             cstackCOMMON 0070
?___fttol              cstackCOMMON 0078
?___wmul               cstackCOMMON 0070
?_command              cstackCOMMON 0070
?_data                 cstackCOMMON 0070
?_initial              cstackCOMMON 0070
?_main                 cstackCOMMON 0070
_PORTB                 (abs)        0006
_PORTC                 (abs)        0007
_PORTD                 (abs)        0008
_RB0                   (abs)        0030
_RB1                   (abs)        0031
_RB2                   (abs)        0032
_RB3                   (abs)        0033
_RC0                   (abs)        0038
_RC1                   (abs)        0039
_RC2                   (abs)        003A
_T1CON                 (abs)        0010
_TMR1H                 (abs)        000F
_TMR1L                 (abs)        000E
_TMR1ON                (abs)        0080
_TRISB                 (abs)        0086
_TRISC                 (abs)        0087
_TRISD                 (abs)        0088
__Habs1                abs1         0000
__Hbank0               bank0        0000
__Hbank1               bank1        0000
__Hbank2               bank2        0000
__Hbank3               bank3        0000
__Hcinit               cinit        0000
__Hclrtext             clrtext      0000
__Hcode                code         0000
__Hcommon              common       0000
__Hconfig              config       2008
__HcstackBANK0         cstackBANK0  0000
__HcstackCOMMON        cstackCOMMON 0000
__Heeprom_data         eeprom_data  0000
__Hend_init            end_init     0003
__Hfunctab             functab      0000
__Hidloc               idloc        0000
__Hinit                init         0000
__Hintentry            intentry     0000
__Hmaintext            maintext     0000
__Hpowerup             powerup      0000
__Hram                 ram          0000
__Hreset_vec           reset_vec    0000
__Hsfr0                sfr0         0000
__Hsfr1                sfr1         0000
__Hsfr2                sfr2         0000
__Hsfr3                sfr3         0000
__Hstrings             strings      0000
__Htext                text         0000
__Labs1                abs1         0000
__Lbank0               bank0        0000
__Lbank1               bank1        0000
__Lbank2               bank2        0000
__Lbank3               bank3        0000
__Lcinit               cinit        0000
__Lclrtext             clrtext      0000
__Lcode                code         0000
__Lcommon              common       0000
__Lconfig              config       2007
__LcstackBANK0         cstackBANK0  0000
__LcstackCOMMON        cstackCOMMON 0000
__Leeprom_data         eeprom_data  0000
__Lend_init            end_init     0000
__Lfunctab             functab      0000
__Lidloc               idloc        0000
__Linit                init         0000
__Lintentry            intentry     0000
__Lmaintext            maintext     0000
__Lpowerup             powerup      0000
__Lram                 ram          0000
__Lreset_vec           reset_vec    0000
__Lsfr0                sfr0         0000
__Lsfr1                sfr1         0000
__Lsfr2                sfr2         0000
__Lsfr3                sfr3         0000
__Lstrings             strings      0000
__Ltext                text         0000
__S0                   (abs)        2008
__S1                   (abs)        007E
__S2                   (abs)        0000
___awdiv               text244      0325
___awdiv@counter       cstackCOMMON 0075
___awdiv@dividend      cstackCOMMON 0072
___awdiv@divisor       cstackCOMMON 0070
___awdiv@quotient      cstackCOMMON 0077
___awdiv@sign          cstackCOMMON 0076
___awmod               text243      02C5
___awmod@counter       cstackCOMMON 0075
___awmod@dividend      cstackCOMMON 0072
___awmod@divisor       cstackCOMMON 0070
___awmod@sign          cstackCOMMON 0076
___awtoft              text239      0297
___awtoft@c            cstackBANK0  002A
___awtoft@sign         cstackBANK0  002D
___ftmul               text240      04A6
___ftmul@cntr          cstackBANK0  003C
___ftmul@exp           cstackBANK0  0038
___ftmul@f1            cstackBANK0  002E
___ftmul@f2            cstackBANK0  0031
___ftmul@f3_as_product cstackBANK0  0039
___ftmul@sign          cstackBANK0  003D
___ftpack              text246      0395
___ftpack@arg          cstackCOMMON 0070
___ftpack@exp          cstackCOMMON 0073
___ftpack@sign         cstackCOMMON 0074
___fttol               text245      040A
___fttol@exp1          cstackBANK0  0029
___fttol@f1            cstackCOMMON 0078
___fttol@lval          cstackBANK0  0025
___fttol@sign1         cstackBANK0  0024
___wmul                text247      026E
___wmul@multiplicand   cstackCOMMON 0072
___wmul@multiplier     cstackCOMMON 0070
___wmul@product        cstackCOMMON 0074
__end_of___awdiv       text244      0395
__end_of___awmod       text243      0325
__end_of___awtoft      text239      02C5
__end_of___ftmul       text240      058B
__end_of___ftpack      text246      040A
__end_of___fttol       text245      04A6
__end_of___wmul        text247      0297
__end_of_command       text242      0242
__end_of_data          text241      0255
__end_of_initial       text238      026E
__end_of_main          maintext     0800
__pcstackBANK0         cstackBANK0  0020
__pcstackCOMMON        cstackCOMMON 0070
__pmaintext            maintext     058B
__ptext237             text237      0000
__ptext238             text238      0255
__ptext239             text239      0297
__ptext240             text240      04A6
__ptext241             text241      0242
__ptext242             text242      022F
__ptext243             text243      02C5
__ptext244             text244      0325
__ptext245             text245      040A
__ptext246             text246      0395
__ptext247             text247      026E
__ptext248             text248      0000
__size_of___awdiv      (abs)        0000
__size_of___awmod      (abs)        0000
__size_of___awtoft     (abs)        0000
__size_of___ftmul      (abs)        0000
__size_of___ftpack     (abs)        0000
__size_of___fttol      (abs)        0000
__size_of___wmul       (abs)        0000
__size_of_command      (abs)        0000
__size_of_data         (abs)        0000
__size_of_initial      (abs)        0000
__size_of_main         (abs)        0000
_command               text242      022F
_data                  text241      0242
_exit                  init         0000
_initial               text238      0255
_main                  maintext     058B
btemp                  (abs)        007E
command@y              cstackCOMMON 0071
data@z                 cstackCOMMON 0071
end_of_initialization  cinit        022B
intlevel0              functab      0000
intlevel1              functab      0000
intlevel2              functab      0000
intlevel3              functab      0000
intlevel4              functab      0000
intlevel5              functab      0000
main@a                 cstackBANK0  0059
main@b                 cstackBANK0  0041
main@c                 cstackBANK0  0053
main@d                 cstackBANK0  0043
main@distance          cstackBANK0  0051
main@e                 cstackBANK0  0045
main@f                 cstackBANK0  0047
main@l                 cstackBANK0  005B
main@m                 cstackBANK0  0049
main@moisture          cstackBANK0  005D
main@n                 cstackBANK0  0055
main@o                 cstackBANK0  004B
main@p                 cstackBANK0  004D
main@q                 cstackBANK0  004F
main@temp              cstackBANK0  0057
reset_vec              reset_vec    0000
start                  init         0000
start_initialization   cinit        022B
wtemp0                 (abs)        007E
